road	road
street	street
lane	lane
avenue	avenue
close	close
way	way
drive	drive
park	park
gardens	gardens
estate	estate
crescent	crescent
place	place
hill	hill
green	green
grove	grove
court	court
square	square
terrace	terrace
walk	walk
heath	heath
house	house
rd	road
end	end
west	west
mews	mews
centre	centre
rise	rise
gate	gate
east	east
bridge	bridge
view	view
south	south
north	north
village	village
floor	floor
wood	wood
row	row
parade	parade
address	address
common	common
st	street
vale	vale
cross	cross
farm	farm
broadway	broadway
bank	bank
shirley	shirley
quay	quay
sea	sea
moor	moor
norton	norton
croft	croft
wharf	wharf
middleton	middleton
ford	ford
bay	bay
sutton	sutton
clifton	clifton
hall	hall
yard	yard
mead	mead
bletchley	bletchley
town	town
ealing	ealing
harrow	harrow
wimbledon	wimbledon
earley	earley
ave	ave
approach	approach
boulevard	boulevard
garden	garden
bridgford	bridgford
fields	fields
stoke	stoke
worsley	worsley
market	market
finchley	finchley
sheffield	sheffield
swinton	swinton
kingswood	kingswood
kilbride	kilbride
meadow	meadow
chase	chase
morley	morley
villas	villas
mill	mill
barr	barr
oak	oak
mount	mount
broughton	broughton
eaton	eaton
southgate	southgate
ilford	ilford
eccles	eccles
woodley	woodley
barnet	barnet
hulme	hulme
grange	grange
aston	aston
walthamstow	walthamstow
est	est
caversham	caversham
hale	hale
handsworth	handsworth
cheshunt	cheshunt
oadby	oadby
beeston	beeston
fulwood	fulwood
urmston	urmston
down	down
valley	valley
timperley	timperley
thames	thames
tilehurst	tilehurst
cheam	cheam
queensway	queensway
knowle	knowle
preston	preston
belfast	belfast
ash	ash
radcliffe	radcliffe
regis	regis
lanes	lanes
heights	heights
horsforth	horsforth
mayfair	mayfair
upton	upton
leyton	leyton
hundred	hundred
norwood	norwood
bramhall	bramhall
stretford	stretford
gosforth	gosforth
portishead	portishead
cumbernauld	cumbernauld
ferry	ferry
langley	langley
denton	denton
mary	mary
acton	acton
kensington	kensington
hockley	hockley
headington	headington
manchester	manchester
path	path
bearsden	bearsden
northfleet	northfleet
mills	mills
airport	airport
mearns	mearns
wootton	wootton
meadows	meadows
perivale	perivale
waltham	waltham
brighton	brighton
bramley	bramley
chiswick	chiswick
bristol	bristol
hutton	hutton
ferrers	ferrers
royal	royal
hayes	hayes
side	side
wembley	wembley
walton	walton
bromley	bromley
whitefield	whitefield
lodge	lodge
field	field
islington	islington
wick	wick
chadderton	chadderton
peter	peter
whitchurch	whitchurch
dale	dale
totton	totton
barwick	barwick
hampstead	hampstead
carlton	carlton
lea	lea
leytonstone	leytonstone
island	island
grangetown	grangetown
hull	hull
manor	manor
kingsway	kingsway
tottenham	tottenham
hackney	hackney
derby	derby
parkway	parkway
woodford	woodford
edmonton	edmonton
leigh	leigh
moseley	moseley
westhoughton	westhoughton
drayton	drayton
kempston	kempston
milton	milton
enfield	enfield
wynd	wynd
sankey	sankey
buildings	buildings
cottages	cottages
reading	reading
farnworth	farnworth
addington	addington
fulham	fulham
trent	trent
don	don
didsbury	didsbury
cambuslang	cambuslang
flat	flat
ham	ham
barton	barton
portadown	portadown
edgware	edgware
circus	circus
rainham	rainham
chingford	chingford
coldfield	coldfield
woodhouse	woodhouse
wall	wall
aldridge	aldridge
birstall	birstall
norwich	norwich
rutherglen	rutherglen
wells	wells
yate	yate
littleover	littleover
formby	formby
bassett	bassett
bradford	bradford
harborne	harborne
newport	newport
coventry	coventry
abbey	abbey
causeway	causeway
putney	putney
kenton	kenton
holborn	holborn
streatham	streatham
keynsham	keynsham
horwich	horwich
dulwich	dulwich
aberdeen	aberdeen
hills	hills
spa	spa
castle	castle
newton	newton
mall	mall
ashton	ashton
sparkhill	sparkhill
hove	hove
redland	redland
whetstone	whetstone
solihull	solihull
weston	weston
ramsbottom	ramsbottom
albans	albans
blackwater	blackwater
kings	kings
salford	salford
rothwell	rothwell
bolton	bolton
woods	woods
cheltenham	cheltenham
standish	standish
bishopbriggs	bishopbriggs
hucknall	hucknall
brook	brook
kirkintilloch	kirkintilloch
shaw	shaw
catford	catford
cardiff	cardiff
greenwich	greenwich
eltham	eltham
marston	marston
quedgeley	quedgeley
ickenham	ickenham
finchampstead	finchampstead
highgate	highgate
sands	sands
hendon	hendon
blackheath	blackheath
poynton	poynton
kennington	kennington
hamilton	hamilton
royton	royton
ltd	ltd
bath	bath
corner	corner
northfield	northfield
luton	luton
wellington	wellington
cottage	cottage
brae	brae
battersea	battersea
penn	penn
atherton	atherton
crookham	crookham
city	city
coleshill	coleshill
bradwell	bradwell
ridge	ridge
chapel	chapel
westgate	westgate
ride	ride
arnold	arnold
crosby	crosby
twyford	twyford
tyldesley	tyldesley
northampton	northampton
orchard	orchard
failsworth	failsworth
oaks	oaks
bournemouth	bournemouth
portslade	portslade
stockport	stockport
clapham	clapham
birchwood	birchwood
hykeham	hykeham
wolverhampton	wolverhampton
richmond	richmond
heswall	heswall
strand	strand
baildon	baildon
denham	denham
mellons	mellons
hempstead	hempstead
oakley	oakley
george	george
garforth	garforth
appleton	appleton
pleasant	pleasant
southampton	southampton
yardley	yardley
yeadon	yeadon
brow	brow
peckham	peckham
ashton-in-makerfield	ashton-in-makerfield
kingsbury	kingsbury
bentley	bentley
ridgeway	ridgeway
hatch	hatch
arcade	arcade
bookham	bookham
droylsden	droylsden
longton	longton
dagenham	dagenham
quarter	quarter
romford	romford
magna	magna
building	building
hersham	hersham
bromwich	bromwich
astley	astley
cleeve	cleeve
allerton	allerton
downs	downs
quinton	quinton
burbage	burbage
ipswich	ipswich
lewisham	lewisham
tyne	tyne
mickleover	mickleover
cheadle	cheadle
ponteland	ponteland
stapleford	stapleford
gifford	gifford
guiseley	guiseley
bretton	bretton
trafford	trafford
warley	warley
watford	watford
penwortham	penwortham
blackburn	blackburn
bedminster	bedminster
promenade	promenade
york	york
hounslow	hounslow
thamesmead	thamesmead
marple	marple
kirby	kirby
uddingston	uddingston
hammersmith	hammersmith
newington	newington
horsley	horsley
walsall	walsall
point	point
woodlands	woodlands
nailsea	nailsea
thornton	thornton
giffnock	giffnock
weald	weald
riverside	riverside
hednesford	hednesford
wycombe	wycombe
twickenham	twickenham
wanstead	wanstead
esplanade	esplanade
keynes	keynes
ditton	ditton
highway	highway
woolwich	woolwich
burnham	burnham
waterloo	waterloo
bishop	bishop
passage	passage
frimley	frimley
guildford	guildford
barns	barns
harrogate	harrogate
whiteley	whiteley
head	head
moors	moors
station	station
springfield	springfield
marsh	marsh
clarkston	clarkston
edge	edge
link	link
tooting	tooting
winnersh	winnersh
dock	dock
whittington	whittington
dinnington	dinnington
bar	bar
thornbury	thornbury
circle	circle
irlam	irlam
pinner	pinner
knaphill	knaphill
fold	fold
bishopston	bishopston
glen	glen
slough	slough
sketty	sketty
andrew	andrew
poole	poole
maidenhead	maidenhead
thornaby	thornaby
bowdon	bowdon
swindon	swindon
whittlesey	whittlesey
kirkby	kirkby
wandsworth	wandsworth
maltby	maltby
woolston	woolston
oakwood	oakwood
netherton	netherton
barking	barking
wolverton	wolverton
windsor	windsor
horfield	horfield
gorleston	gorleston
chapeltown	chapeltown
syston	syston
lurgan	lurgan
stanley	stanley
jesmond	jesmond
cambourne	cambourne
eccleston	eccleston
prior	prior
southwick	southwick
shoeburyness	shoeburyness
lostock	lostock
piccadilly	piccadilly
smethwick	smethwick
beckenham	beckenham
stanmore	stanmore
sydenham	sydenham
heaton	heaton
rednal	rednal
compton	compton
reach	reach
hadleigh	hadleigh