ert	other
str.	Strasse
str	Strasse
straße	Strasse
strasse	Strasse
weg	Weg
allee	Allee
chaussee	Chaussee
platz	Platz
damm	Damm
ring	Ring
postfach	Postfach
markt	Markt
berg	Berg
wall	Wall
bahnhof	Bahnhof
gasse	Gasse
feld	Feld
hof	Hof
rand	Rand
einheit	Einheit
tor	Tor
kamp	Kamp
friedens	Friedens
bleichen	Bleichen
heide	Heide
anger	Anger
reihe	Reihe
see	See
winkel	Winkel
mühle	Mühle
linden	Linden
haus	Haus
jugend	Jugend
höhe	Höhe
ufer	Ufer
park	Park
graben	Graben
deich	Deich
grund	Grund
tal	Tal
mühren	Mühren
steig	Steig
bruch	Bruch
stern	Stern
kirche	Kirche
sandtorkai	Sandtorkai
wald	Wald
siedlung	Siedlung
hang	Hang
süd	Süd
dorf	Dorf
garten	Garten
dorfe	Dorfe
freiheit	Freiheit
wasserturm	Wasserturm
teich	Teich
gärten	Gärten
eichen	Eichen
bahn	Bahn
hagen	Hagen
aussicht	Aussicht
brühl	Brühl
nationen	Nationen
wiese	Wiese
bogen	Bogen
bach	Bach
nord	Nord
brücke	Brücke
sand	Sand
alster	Alster
kaiserkai	Kaiserkai
weiher	Weiher
hafen	Hafen
brink	Brink
stein	Stein
schanz	Schanz
kanal	Kanal
borsigturm	Borsigturm
weide	Weide
hasenpfad	Hasenpfad
ziegelei	Ziegelei
rain	Rain
kreuz	Kreuz
turm	Turm
hütte	Hütte
welle	Welle
berge	Berge
pfad	Pfad
sande	Sande
burstah	Burstah
felde	Felde
holz	Holz
mark	Mark
promenade	Promenade
ost	Ost
freundschaft	Freundschaft
aue	Aue
busch	Busch
wehrhahn	Wehrhahn
halde	Halde
forst	Forst
schloß	Schloß
wasserwerk	Wasserwerk
brunnen	Brunnen
furt	Furt
schule	Schule
bleiche	Bleiche
ort	Ort
esch	Esch
moor	Moor
zeile	Zeile
koppel	Koppel
boden	Boden
vorstadt	Vorstadt
halle	Halle
zirkus	Zirkus
hohl	Hohl
raum	Raum
burg	Burg
eck	Eck
rott	Rott
landwehr	Landwehr
baum	Baum
sägewerk	Sägewerk
horst	Horst
acker	Acker
hügel	Hügel
morgen	Morgen
steige	Steige
stadtrand	Stadtrand
birken	Birken
gries	Gries
schlag	Schlag
ried	Ried
lache	Lache
enden	Enden
meile	Meile
linde	Linde
leiten	Leiten
etage	Etage
höfen	Höfen
gebäude	Gebäude
hardt	Hardt
walde	Walde
hüls	Hüls
broich	Broich
pforte	Pforte
road	Road
kampe	Kampe
mauer	Mauer
ecke	Ecke
