boulevard	boulevard
bd	boulevard
bd.	boulevard
BOULEVARD	boulevard
BD	boulevard
BD.	boulevard

avenue	avenue
av	avenue
av.	avenue
chemin	chemin
ch	chemin
che	chemin
ch.	chemin
che.	chemin
CHEMIN	chemin
CHEM	chemin

rue	rue
r.	rue
r	rue
ruelle	rue

route	route
rte	route
rte.	route
ROUTE	route
RTE	route

impasse	impasse
imp.	impasse
imp	impasse
IMPASSE	impasse
IMP	impasse

place	place
pl.	place
pl	place
PLACE	place
PL	place

passage	passage
pass	passage
pass.	passage
PASSAGE	passage
PAS	passage
PAS.	passage
PASS	passage
PASS.	passage

COUR	cour
CR	cour
COURS	cour
CRS	cour

QUAI	quai
quai	quai
q.	quai
q	quai

allée	allee
allee	allee
ALLÉE	allee
ALLEE	allee
ALL	allee
ALL.	allee

ZONE ARTISANALE	zone
ZONE ACTIVITÉ	zone
ZONE ACTIVITE	zone
ZA	zone
ZA.	zone
Z.A.	zone
ZONE INDUSTRIELLE	zone
ZAC	zone
TECHNOPARC	zone
ZI	zone
Z.I.	zone
ZI.	zone


ld	lieu_dit
lieu dit	lieu_dit

JARDIN	autre
SITE	autre
MARCHE	autre
marché	autre
MARCHÉ	autre
JARD	autre
chaussée	autre
chaussee	autre
LOTISSEMENT	autre
LOT	autre
LOT.	autre
MAIL	autre
AUTOROUTE	autre
A	autre
A.	autre
MONT	autre
BASSIN	autre
BASS	autre
BASS.	autre
MONTÉE	autre
MONTEE	autre
MONT.	autre
MNT	autre
BOIS	autre
PALAIS	autre
PAL	autre
PARC	autre
BUTTE	autre
CARREFOUR	autre
CENTRE	autre
CTRE	autre
CTRECIAL	autre
CTRECOMMERCIAL	autre
CTREADMINISTRATIF	autre
CARR	autre
CARR.	autre
PARVIS	autre
PARV	autre
PARV.	autre
CASERNE	autre
CCAL	autre
PAVILLON	autre
PAV	autre
CHALET	autre
CHAL	autre
PELOUSE	autre
PEL	autre
CHAMP	autre
CHP	autre
PETITE RUE	autre
PTR	autre
PIÈCE	autre
PIEC	autre
CHAUSSÉE	autre
CHAU	autre
PLAINE	autre
PLAI	autre
CHEMIN DÉPARTEMENTAL	autre
CD	autre
POINT KILOMÉTRIQUE	autre
PK	autre
CITÉ	autre
CITE	autre
POINTE	autre
PNTE	autre
CLAIRIERE	autre
CLR	autre
PONT	autre
CLIMAT	autre
CLIM	autre
PORT	autre
CLOS	autre
PORTE	autre
PRTE	autre
CONTOUR	autre
CONT	autre
PRAIRIE	autre
PRAI	autre
COTE	autre
PRÉ	autre
PRE	autre
COTTAGE	autre
COTT	autre
PROMENADE	autre
PROM	autre
QUARTIER	autre
QUAR	autre
DOMAINE	autre
DOM	autre
RAMPE	autre
RPE	autre
ÉCLUSE	autre
ECL	autre
RER	autre
ESCALIER	autre
ESC	autre
RESIDENCE	autre
RES	autre
ESPLANADE	autre
ESP	autre
ROND-POINT	autre
rond point	autre
RDPT	autre
RPT	autre
ÉTANG	autre
ETANG	autre
ETG	autre
FAUBOURG	autre
FBG	autre
ROUTE DÉPARTEMENTALE	autre
RD	autre
FERME	autre
FERM	autre
ROUTE NATIONALE	autre
RN	autre
FOND	autre
FONTAINE	autre
FONT	autre
RUELLE	autre
RLE	autre
FORÊT	autre
FORET	autre
FRT	autre
SENTIER	autre
SENT	autre
FORT	autre
SQUARE	autre
SQ	autre
FOSSE	autre
FOSS	autre
STATION	autre
ST	autre
GALERIE	autre
GAL	autre
TERRASSE	autre
TERR	autre
GARE	autre
TOUR	autre
GRANDE AVENUE	autre
GDAV	autre
TRAVERSE	autre
TRAV	autre
GRANDE PLACE	autre
GDPL	autre
VAL	autre
GRANDE RUE	autre
GDR	autre
VALLÉE	autre
VALL	autre
GRANGE	autre
GRGE	autre
VENELLE	autre
VEN	autre
HAMEAU	autre
HAM	autre
VILLA	autre
VLA	autre
HIPPODROME	autre
HIPP	autre
VOIE	autre
ILE	autre
VOIE COMMUNALE	autre
VC	autre